// Vitest Snapshot v1

exports[`useForwardedRef > should update a ref object 1`] = `
{
  "current": "safeRef:current",
}
`;

exports[`useForwardedRef > useStatefulRef is called 1`] = `
{
  "current": "safeRef:current",
}
`;
